MAP
    NAME "OpenHI"
    STATUS ON
    SIZE 9040 7731
    EXTENT 103986.57 3850796.18 1007945.14 4623933.00
    UNITS meters
    PROJECTION
        "init=epsg:2100"
    END
    CONFIG MS_ERRORFILE "/var/log/mapserver/openhigis.log"

    OUTPUTFORMAT
      NAME "png"
      DRIVER AGG/PNG
      MIMETYPE "image/png"
      IMAGEMODE RGBA
      EXTENSION "png"
      FORMATOPTION "GAMMA=0.75"
    END
    OUTPUTFORMAT
      NAME "gif"
      DRIVER GD/GIF
      MIMETYPE "image/gif"
      IMAGEMODE PC256
      EXTENSION "gif"
    END
    OUTPUTFORMAT
      NAME "png8"
      DRIVER AGG/PNG8
      MIMETYPE "image/png; mode=8bit"
      IMAGEMODE RGBA
      EXTENSION "png"
      FORMATOPTION "QUANTIZE_FORCE=on"
      FORMATOPTION "QUANTIZE_COLORS=256"
      FORMATOPTION "GAMMA=0.75"
    END
    OUTPUTFORMAT
      NAME "jpeg"
      DRIVER AGG/JPEG
      MIMETYPE "image/jpeg"
      IMAGEMODE RGB
      EXTENSION "jpg"
      FORMATOPTION "GAMMA=0.75"
    END
    OUTPUTFORMAT
      NAME "svg"
      DRIVER CAIRO/SVG
      MIMETYPE "image/svg+xml"
      IMAGEMODE RGBA
      EXTENSION "svg"
    END
    OUTPUTFORMAT
      NAME "pdf"
      DRIVER CAIRO/PDF
      MIMETYPE "application/x-pdf"
      IMAGEMODE RGBA
      EXTENSION "pdf"
    END
    OUTPUTFORMAT
      NAME "GTiff"
      DRIVER GDAL/GTiff
      MIMETYPE "image/tiff"
      IMAGEMODE RGBA
      EXTENSION "tif"
    END
    OUTPUTFORMAT
        NAME GEOTIFF_16
        DRIVER "GDAL/GTiff"
        MIMETYPE "image/tiff"
        IMAGEMODE FLOAT32
        EXTENSION "tif"
    END
    OUTPUTFORMAT
      NAME "cairopng"
      DRIVER CAIRO/PNG
      MIMETYPE "image/png"
      IMAGEMODE RGBA
      EXTENSION "png"
    END

    WEB
        IMAGEPATH "/var/cache/mapserver/"
        IMAGEURL "/mapserver_tmp/"
        METADATA
            "wms_title" "OpenHI"
            "wms_onlineresource" "https://system.openhi.net/cgi-bin/mapserv?map=/opt/enhydris-openhi/enhydris-openhigis/mapserver/openhigis.map&"
            "wms_srs" "EPSG:4326 EPSG:2100 EPSG:3857"
            "wms_enable_request" "*"
            "wms_feature_info_mime_type" "text/html"

            "wfs_title" "OpenHI"
            "wfs_onlineresource" "https://system.openhi.net/cgi-bin/mapserv?map=/opt/enhydris-openhi/enhydris-openhigis/mapserver/openhigis.map&"
            "wfs_srs" "EPSG:2100 EPSG:4326 EPSG:3857"
            "wfs_enable_request" "*"
        END
    END

    LAYER
        NAME "RiverBasinDistricts"
        TYPE POLYGON
        CONNECTIONTYPE POSTGIS
        CONNECTION "host=localhost dbname=openmeteo user=mapserver"
        METADATA
            "wms_title" "River basin districts"
            "wfs_title" "River basin districts"
            "gml_include_items" "all"
            "gml_featureid" "id"
        END
        STATUS ON
        DATA "geometry FROM openhigis.RiverBasinDistrict USING UNIQUE id USING SRID=2100"
        PROJECTION
            "init=epsg:2100"
        END
        TEMPLATE "wmspopup-general.html"
        CLASS
            NAME "River basin districts"
            STYLE
                OUTLINECOLOR 0 0 255
                COLOR 127 127 255
                OPACITY 50
            END
        END
    END

    LAYER
        NAME "RiverBasins"
        TYPE POLYGON
        CONNECTIONTYPE POSTGIS
        CONNECTION "host=localhost dbname=openmeteo user=mapserver"
        METADATA
            "wms_title" "River basins"
            "wfs_title" "River basins"
            "gml_include_items" "all"
            "gml_featureid" "id"
        END
        STATUS ON
        DATA "geometry FROM openhigis.RiverBasin USING UNIQUE id USING SRID=2100"
        PROJECTION
            "init=epsg:2100"
        END
        TEMPLATE "wmspopup-basin.html"
        CLASS
            NAME "River basins"
            STYLE
                OUTLINECOLOR 0 102 255
                OPACITY 100
                WIDTH 4
            END
        END
    END

    LAYER
        NAME "DrainageBasins"
        TYPE POLYGON
        CONNECTIONTYPE POSTGIS
        CONNECTION "host=localhost dbname=openmeteo user=mapserver"
        METADATA
            "wms_title" "Drainage basins"
            "wfs_title" "Drainage basins"
            "gml_include_items" "all"
            "gml_featureid" "id"
        END
        STATUS ON
        DATA "geometry FROM openhigis.DrainageBasin USING UNIQUE id USING SRID=2100"
        PROJECTION
            "init=epsg:2100"
        END
        TEMPLATE "wmspopup-basin.html"
        CLASS
            NAME "Drainage basins"
            STYLE
                OUTLINECOLOR 0 102 255
                OPACITY 100
                WIDTH 2
            END
        END
    END

    LAYER
        NAME "StationBasins"
        TYPE POLYGON
        CONNECTIONTYPE POSTGIS
        CONNECTION "host=localhost dbname=openmeteo user=mapserver"
        METADATA
            "wms_title" "Station basins"
            "wfs_title" "Station basins"
            "gml_include_items" "all"
            "gml_featureid" "id"
        END
        STATUS ON
        DATA "geometry FROM openhigis.StationBasin USING UNIQUE id USING SRID=2100"
        PROJECTION
            "init=epsg:2100"
        END
        TEMPLATE "wmspopup-basin.html"
        CLASS
            NAME "Station basins"
            STYLE
                OUTLINECOLOR 0 102 255
                OPACITY 100
                WIDTH 4
            END
        END
    END

    LAYER
        NAME "Watercourses"
        TYPE LINE
        CONNECTIONTYPE POSTGIS
        CONNECTION "host=localhost dbname=openmeteo user=mapserver"
        METADATA
            "wms_title" "Watercourses"
            "wfs_title" "Watercourses"
            "gml_include_items" "all"
            "gml_featureid" "id"
        END
        STATUS ON
        DATA "geometry FROM openhigis.Watercourse USING UNIQUE id USING SRID=2100"
        PROJECTION
            "init=epsg:2100"
        END
        TEMPLATE "wmspopup-river.html"
        CLASS
            NAME "Watercourses"
            STYLE
                OUTLINECOLOR 51 204 255
                OPACITY 100
                WIDTH 1
            END
        END
    END

    LAYER
        NAME "StandingWaters"
        TYPE POLYGON
        CONNECTIONTYPE POSTGIS
        CONNECTION "host=localhost dbname=openmeteo user=mapserver"
        METADATA
            "wms_title" "Standing waters"
            "wfs_title" "Standing waters"
            "gml_include_items" "all"
            "gml_featureid" "id"
        END
        STATUS ON
        DATA "geometry FROM openhigis.StandingWater USING UNIQUE id USING SRID=2100"
        PROJECTION
            "init=epsg:2100"
        END
        TEMPLATE "wmspopup-general.html"
        CLASS
            NAME "Standing waters"
            STYLE
                OUTLINECOLOR 51 204 255
                COLOR 51 204 255
                OPACITY 50
                WIDTH 1
            END
        END
    END

END
